Test Ottawa By-Law
By-Law No. 123-45
This is a sample by-law text that should be extracted.
The following is an important section:
Item 1: Regulations about noise
Item 2: Regulations about waste
JSON configuration example:
For more information, please see section 5.3 regarding enforcement.